ERROR: NullPointerException
LoginService failed at line 25